// Jest Snapshot v1, https://goo.gl/fbAQLP

exports[`Playlist renders as expected 1`] = `
<div
  className="container"
>
  <div
    className="loading"
  >
    Loading...
  </div>
  <iframe
    className="iframe-box"
    frameBorder="0"
    src="https://open.spotify.com/embed/user/spotify/playlist/12345"
    title="12345"
  />
</div>
`;
