// Jest Snapshot v1, https://goo.gl/fbAQLP

exports[`Weather renders as expected 1`] = `
<div>
  <div
    className="ribbon one"
  >
    <div
      className="ribbon-header"
    >
      Weather
    </div>
  </div>
  <form
    id="weather-form"
    onSubmit={[Function]}
  >
    
    <input
      aria-invalid={false}
      aria-label="Zip code entry"
      aria-required="true"
      className="input"
      id="weatherInput"
      name="weatherInput"
      placeholder="Enter zip code"
      required={true}
      type="text"
    />
    <button
      className="btn btn-default"
      type="submit"
    >
      Get Weather
    </button>
  </form>
</div>
`;
