// Jest Snapshot v1, https://goo.gl/fbAQLP

exports[`UserPlaylists renders as expected 1`] = `
<div
  className="user-playlists"
>
  <h4>
    View your saved Wind Chime playlists and mood settings:
  </h4>
  <button
    className="btn mood"
    onClick={[Function]}
  >
    Back
  </button>
  <button
    className="btn mood"
    onClick={[Function]}
  >
    Make Playlist
  </button>
  <div
    className="flex"
  />
</div>
`;
