// Jest Snapshot v1, https://goo.gl/fbAQLP

exports[`PlaylistOption renders as expected 1`] = `
<div>
  <div
    className="ribbon two"
  >
    <div
      className="ribbon-header"
    >
      Playlist Options
    </div>
    <span
      className="ribbon-text"
    >
      <span
        className="hidden"
      >
        my top artists
      </span>
      <button
        className="btn weather"
        onClick={[Function]}
      >
        Change
      </button>
    </span>
  </div>
</div>
`;
