// Jest Snapshot v1, https://goo.gl/fbAQLP

exports[`ChangeParams renders as expected 1`] = `
<div
  className="change-params"
>
  <h4>
    Select Playlist Values Manually:
  </h4>
  <form>
    <span
      className="param"
    >
      <label
        htmlFor="targetEnergy"
      >
        <h4
          className="align"
        >
          Select Target Energy:
        </h4>
      </label>
      <select
        name="targetEnergy"
        onChange={[Function]}
        value={0}
      >
        <option
          value={null}
        >
          n/a
        </option>
        <option
          value={0.1}
        >
          1
        </option>
        <option
          value={0.2}
        >
          2
        </option>
        <option
          value={0.3}
        >
          3
        </option>
        <option
          value={0.4}
        >
          4
        </option>
        <option
          value={0.5}
        >
          5
        </option>
        <option
          value={0.6}
        >
          6
        </option>
        <option
          value={0.7}
        >
          7
        </option>
        <option
          value={0.8}
        >
          8
        </option>
        <option
          value={0.9}
        >
          9
        </option>
        <option
          value={1}
        >
          10
        </option>
      </select>
    </span>
    <span
      className="param"
    >
      <label
        htmlFor="targetValence"
      >
        <h4
          className="align"
        >
          Select Target Happiness:
        </h4>
      </label>
      <select
        name="targetValence"
        onChange={[Function]}
        value={0}
      >
        <option
          value={null}
        >
          n/a
        </option>
        <option
          value={0.1}
        >
          1
        </option>
        <option
          value={0.2}
        >
          2
        </option>
        <option
          value={0.3}
        >
          3
        </option>
        <option
          value={0.4}
        >
          4
        </option>
        <option
          value={0.5}
        >
          5
        </option>
        <option
          value={0.6}
        >
          6
        </option>
        <option
          value={0.7}
        >
          7
        </option>
        <option
          value={0.8}
        >
          8
        </option>
        <option
          value={0.9}
        >
          9
        </option>
        <option
          value={1}
        >
          10
        </option>
      </select>
    </span>
    <span
      className="param"
    >
      <label
        htmlFor="targetTempo"
      >
        <h4
          className="align"
        >
          Select Target Tempo:
        </h4>
      </label>
      <select
        name="targetTempo"
        onChange={[Function]}
        value={0}
      >
        <option
          value={null}
        >
          n/a
        </option>
        <option
          value={0.1}
        >
          1
        </option>
        <option
          value={0.2}
        >
          2
        </option>
        <option
          value={0.3}
        >
          3
        </option>
        <option
          value={0.4}
        >
          4
        </option>
        <option
          value={0.5}
        >
          5
        </option>
        <option
          value={0.6}
        >
          6
        </option>
        <option
          value={0.7}
        >
          7
        </option>
        <option
          value={0.8}
        >
          8
        </option>
        <option
          value={0.9}
        >
          9
        </option>
        <option
          value={1}
        >
          10
        </option>
      </select>
    </span>
    <span
      className="param"
    >
      <label
        htmlFor="targetPopularity"
      >
        <h4
          className="align"
        >
          Select Target Popularity:
        </h4>
      </label>
      <select
        name="targetPopularity"
        onChange={[Function]}
        value={0}
      >
        <option
          value={null}
        >
          n/a
        </option>
        <option
          value={10}
        >
          1
        </option>
        <option
          value={20}
        >
          2
        </option>
        <option
          value={30}
        >
          3
        </option>
        <option
          value={40}
        >
          4
        </option>
        <option
          value={50}
        >
          5
        </option>
        <option
          value={60}
        >
          6
        </option>
        <option
          value={70}
        >
          7
        </option>
        <option
          value={80}
        >
          8
        </option>
        <option
          value={90}
        >
          9
        </option>
        <option
          value={100}
        >
          10
        </option>
      </select>
    </span>
  </form>
  <button
    className="btn center"
    onClick={[Function]}
  >
    Back
  </button>
  <button
    className="btn center"
    onClick={[Function]}
  >
    Update
  </button>
</div>
`;
